#if _display_landusage == 1
LAYER
    NAME layername(landuse,_layer_suffix)
    TYPE POLYGON
    STATUS ON
    PROJECTION
        "init=epsg:OSM_SRID"
    END
    GROUP "default"
    CONNECTIONTYPE POSTGIS
    CONNECTION "OSM_DB_CONNECTION"
#if OSM_FORCE_POSTGIS_EXTENT == 1
    EXTENT OSM_EXTENT
#endif
    DATA _landusage_data
    PROCESSING "LABEL_NO_CLIP=ON"
    PROCESSING "CLOSE_CONNECTION=DEFER"
    MAXSCALEDENOM _maxscale
    MINSCALEDENOM _minscale
    CLASSITEM "type"
    LABELITEM "name"
    CLASS
       EXPRESSION {forest,wood}
       STYLE
          COLOR _forest_clr
       END
#if _display_forest_symbol == 1
       STYLE
          SYMBOL "foret"
          SIZE 20
          GAP 70
       END
#endif
#if _display_forest_lbl==1
      LABEL
         TYPE TRUETYPE
         FONT _forest_font
         SIZE _forest_lbl_size
         COLOR _forest_lbl_clr
         OUTLINECOLOR _forest_lbl_ol_clr
         OUTLINEWIDTH _forest_lbl_ol_width
         WRAP ' '
         MAXLENGTH 6
         ALIGN CENTER
         MINFEATURESIZE AUTO
         PARTIALS FALSE
      END
#endif
    END

    CLASS
       EXPRESSION 'farmland'
       STYLE
          COLOR _farmland_clr
       END
#if _display_farmland_symbol == 1
       STYLE
          COLOR _farmland_clr
          OUTLINECOLOR _farmland_ol_clr
          OUTLINEWIDTH _farmland_ol_width
       END
#endif
#if _display_farmland_lbl==1
      LABEL
         TYPE TRUETYPE
         FONT _farmland_font
         SIZE _farmland_lbl_size
         COLOR _farmland_lbl_clr
         OUTLINECOLOR _farmland_lbl_ol_clr
         OUTLINEWIDTH _farmland_lbl_ol_width
         WRAP ' '
         MAXLENGTH 6
         ALIGN CENTER
         MINFEATURESIZE AUTO
         PARTIALS FALSE
      END
#endif
    END

#if _display_residential==1
    CLASS
       EXPRESSION 'residential'
       STYLE
          COLOR _residential_clr
          OUTLINECOLOR _residential_ol_clr
          OUTLINEWIDTH _residential_ol_width
       END
#if _display_residential_lbl==1
      LABEL
         TYPE TRUETYPE
         FONT _residential_font
         SIZE _residential_lbl_size
         COLOR _residential_lbl_clr
         OUTLINECOLOR _residential_lbl_ol_clr
         OUTLINEWIDTH _residential_lbl_ol_width
         WRAP ' '
         MAXLENGTH 6
         ALIGN CENTER
         MINFEATURESIZE AUTO
         PARTIALS FALSE
      END
#endif
   END
#endif
#if _display_industrial==1
   CLASS
     EXPRESSION {industrial,commercial,recycling}
     STYLE
       COLOR _industrial_clr
       OUTLINECOLOR _industrial_ol_clr
       OUTLINEWIDTH _industrial_ol_width
     END
## #if _display_industrial_lbl==1
##      LABEL
##        ENCODING "utf-8"
##        TYPE TRUETYPE
##        FONT _industrial_font
##        SIZE _industrial_lbl_size
##        COLOR _industrial_lbl_clr
##        OUTLINECOLOR _industrial_lbl_ol_clr
##        OUTLINEWIDTH _pedestrian_lbl_ol_width
##        PRIORITY 2
##        WRAP ' '
##        MAXLENGTH 6
##        ALIGN CENTER
##        MINFEATURESIZE AUTO
##        PARTIALS FALSE
##      END
## #endif
   END
   CLASS
     EXPRESSION 'parking'
     STYLE
       COLOR _parking_clr
       OUTLINECOLOR _parking_ol_clr
       OUTLINEWIDTH _parking_ol_width
     END
#if _display_parking_lbl==1
     LABEL
       ENCODING "utf-8"
       TYPE TRUETYPE
       TEXT _parking_text
       FONT _parking_font
       SIZE _parking_lbl_size
       COLOR _parking_lbl_clr
       OUTLINECOLOR _parking_lbl_ol_clr
       OUTLINEWIDTH _pedestrian_lbl_ol_width
       PRIORITY 2
       WRAP ' '
       MAXLENGTH 6
       ALIGN CENTER
       MINFEATURESIZE AUTO
       PARTIALS FALSE
     END
#endif
    END
    CLASS
        EXPRESSION {park,meadow,grass}
        STYLE
            COLOR _park_clr
        END
#if _display_park_lbl==1
        LABEL
          TYPE TRUETYPE
          PARTIALS FALSE
          FONT _park_font
          SIZE _park_lbl_size
       ENCODING "utf-8"
          COLOR _park_lbl_clr
          OUTLINECOLOR _park_lbl_ol_clr
          OUTLINEWIDTH _park_lbl_ol_width
          PRIORITY 2
          POSITION cc
          WRAP ' '
          MAXLENGTH 6
          ALIGN CENTER
          MINFEATURESIZE AUTO
        END
#endif
    END

    CLASS
        EXPRESSION {golf_course,recreation_ground}
        STYLE
            COLOR _recreation_ground_clr
        END
#if _display_recreation_ground_lbl==1
        LABEL
          TYPE TRUETYPE
          PARTIALS FALSE
          FONT _recreation_ground_font
          SIZE _recreation_ground_lbl_size
       ENCODING "utf-8"
          COLOR _recreation_ground_lbl_clr
          OUTLINECOLOR _recreation_ground_lbl_ol_clr
          OUTLINEWIDTH _recreation_ground_lbl_ol_width
          PRIORITY 2
          POSITION cc
          WRAP ' '
          MAXLENGTH 6
          ALIGN CENTER
          MINFEATURESIZE AUTO
        END
#endif
    END

#if _display_cemetery==1
    CLASS
        EXPRESSION 'cemetery'
        STYLE
          COLOR _cemetery_clr
        END
#if _display_cemetery_symbol == 1
      STYLE
          SYMBOL "cimetiere"
          COLOR 0 0 0
          SIZE 10
          GAP 30
      END
#endif
#if _display_cemetery_lbl==1
        LABEL
          TYPE TRUETYPE
          PARTIALS FALSE
          FONT _cemetery_font
       ENCODING "utf-8"
            SIZE _cemetery_lbl_size
            COLOR _cemetery_lbl_clr
            OUTLINECOLOR _cemetery_lbl_ol_clr
            OUTLINEWIDTH _cemetery_lbl_ol_width
            PRIORITY 2
            WRAP ' '
            MAXLENGTH 6
            ALIGN CENTER
            MINFEATURESIZE AUTO
        END
#endif
    END
#endif

   CLASS
      EXPRESSION 'pedestrian'
      STYLE
         COLOR _pedestrian_clr
      END
#if _display_pedestrian_lbl==1
      LABEL
         TYPE TRUETYPE
         FONT _pedestrian_font
         SIZE _pedestrian_lbl_size
         COLOR _pedestrian_lbl_clr
         OUTLINECOLOR _pedestrian_lbl_ol_clr
         OUTLINEWIDTH _pedestrian_lbl_ol_width
         WRAP ' '
         MAXLENGTH 6
         ALIGN CENTER
         MINFEATURESIZE AUTO
         PARTIALS FALSE
      END
#endif
   END
    CLASS
        EXPRESSION 'hospital'
        STYLE
            COLOR _hospital_clr
        END
#if _display_hospital_lbl==1
         LABEL
          TYPE TRUETYPE
          PARTIALS FALSE
          FONT _hospital_font
          SIZE _hospital_lbl_size
          COLOR _hospital_lbl_clr
          OUTLINECOLOR _hospital_lbl_ol_clr
       ENCODING "utf-8"
          OUTLINEWIDTH _hospital_lbl_ol_width
          PRIORITY 1
          WRAP ' '
          MAXLENGTH 6
          ALIGN CENTER
          MINFEATURESIZE AUTO
        END
#endif
    END

    CLASS
        EXPRESSION {school,college,university}
        STYLE
            COLOR _education_clr
        END
#if _display_education_lbl==1
        LABEL
          TYPE TRUETYPE
          PARTIALS FALSE
          FONT _education_font
          SIZE _education_lbl_size
       ENCODING "utf-8"
          COLOR _education_lbl_clr
          OUTLINECOLOR _education_lbl_ol_clr
          OUTLINEWIDTH _education_lbl_ol_width
          PRIORITY 10
          FORCE true
          WRAP ' '
          MAXLENGTH 6
          ALIGN CENTER
          MINFEATURESIZE AUTO
        END
#endif
    END

    CLASS
      NAME "shop_supermarket"
      EXPRESSION "supermarket"
      STYLE
          COLOR _shop_supermarket_clr
      END
## #if _shop_supermarket_lbl==1
##       LABEL
##         TYPE TRUETYPE
##         PARTIALS FALSE
##         FONT _shop_supermarket_font
##         SIZE _shop_supermarket_lbl_size
##         COLOR _shop_supermarket_lbl_clr
##         OUTLINECOLOR _shop_supermarket_lbl_ol_clr
##         ENCODING "utf-8"
##         OUTLINEWIDTH _shop_supermarket_lbl_ol_width
##         PRIORITY 1
##         WRAP ' '
##         MAXLENGTH 6
##         ALIGN CENTER
##         MINFEATURESIZE AUTO
##       END
## #endif
    END

    CLASS
      NAME "tourism_camp_site"
      EXPRESSION "camp_site"
      STYLE
          COLOR _tourism_camp_site_clr
      END
#if _display_tourism_camp_site_lbl==1
      LABEL
        TYPE TRUETYPE
        PARTIALS FALSE
        TEXT _tourism_camp_site_text
        FONT _tourism_camp_site_font
        SIZE _tourism_camp_site_lbl_size
        COLOR _tourism_camp_site_lbl_clr
        OUTLINECOLOR _tourism_camp_site_lbl_ol_clr
        ENCODING "utf-8"
        OUTLINEWIDTH _tourism_camp_site_lbl_ol_width
        PRIORITY 1
        WRAP ' '
        MAXLENGTH 6
        ALIGN CENTER
        MINFEATURESIZE AUTO
      END
#endif
    END



######## SPORTS ########


#if _display_sports==1
    CLASS
      EXPRESSION {stadium,pitch}
      STYLE
          COLOR _sports_clr
      END
#if _display_sports_lbl==1
      LABEL
        TYPE TRUETYPE
        PARTIALS FALSE
        FONT _sports_font
        SIZE _sports_lbl_size
        COLOR _sports_lbl_clr
        OUTLINECOLOR _sports_lbl_ol_clr
        ENCODING "utf-8"
        OUTLINEWIDTH _sports_lbl_ol_width
        PRIORITY 1
        WRAP ' '
        MAXLENGTH 6
        ALIGN CENTER
        MINFEATURESIZE AUTO
      END
#endif
    END
#endif

#if _display_sports_centre==1
    CLASS
      EXPRESSION 'sports_centre'
      STYLE
          COLOR _sports_centre_clr
      END
#if _display_sports_centre_lbl==1
      LABEL
        TYPE TRUETYPE
        PARTIALS FALSE
        FONT _sports_centre_font
        SIZE _sports_centre_lbl_size
        COLOR _sports_centre_lbl_clr
        OUTLINECOLOR _sports_centre_lbl_ol_clr
        ENCODING "utf-8"
        OUTLINEWIDTH _sports_centre_lbl_ol_width
        PRIORITY 1
        WRAP ' '
        MAXLENGTH 6
        ALIGN CENTER
        MINFEATURESIZE AUTO
      END
#endif
    END
#endif


#if _display_leisure_track==1
    CLASS
      NAME "leisure_track"
      EXPRESSION "track"
      STYLE
          COLOR _leisure_track_clr
      END
#if _display_leisure_track_lbl==1
      LABEL
        TYPE TRUETYPE
        PARTIALS FALSE
        FONT _leisure_track_font
        SIZE _leisure_track_lbl_size
        COLOR _leisure_track_lbl_clr
        OUTLINECOLOR _leisure_track_lbl_ol_clr
        ENCODING "utf-8"
        OUTLINEWIDTH _leisure_track_lbl_ol_width
        PRIORITY 1
        WRAP ' '
        MAXLENGTH 6
        ALIGN CENTER
        MINFEATURESIZE AUTO
      END
#endif
    END
#endif

#if _display_leisure_swimming==1
    CLASS
      NAME "leisure_swimming"
      EXPRESSION "swimming"
      STYLE
          COLOR _leisure_swimming_clr
      END
#if _display_leisure_swimming_lbl==1
      LABEL
        TYPE TRUETYPE
        PARTIALS FALSE
        FONT _leisure_swimming_font
        SIZE _leisure_swimming_lbl_size
        COLOR _leisure_swimming_lbl_clr
        OUTLINECOLOR _leisure_swimming_lbl_ol_clr
        ENCODING "utf-8"
        OUTLINEWIDTH _leisure_swimming_lbl_ol_width
        PRIORITY 1
        WRAP ' '
        MAXLENGTH 6
        ALIGN CENTER
        MINFEATURESIZE AUTO
      END
#endif
    END
#endif

#if _display_sport_soccer==1
    CLASS
      NAME "sport_soccer"
      EXPRESSION "soccer"
      STYLE
          COLOR _sport_soccer_clr
          OUTLINECOLOR _sport_soccer_ol_clr
          OUTLINEWIDTH _sport_soccer_ol_width
      END
#if _display_sport_soccer_symbol == 1
      STYLE
          SYMBOL "foot"
          SIZE 25
          GAP 80
      END
#endif
#if _display_sport_soccer_lbl==1
      LABEL
        TYPE TRUETYPE
        PARTIALS FALSE
        FONT _sport_soccer_font
        SIZE _sport_soccer_lbl_size
        COLOR _sport_soccer_lbl_clr
        OUTLINECOLOR _sport_soccer_lbl_ol_clr
        ENCODING "utf-8"
        OUTLINEWIDTH _sport_soccer_lbl_ol_width
        PRIORITY 1
        WRAP ' '
        MAXLENGTH 6
        ALIGN CENTER
        MINFEATURESIZE AUTO
      END
#endif
    END
#endif

#if _display_sport_tennis==1
    CLASS
      NAME "sport_tennis"
      EXPRESSION "tennis"
      STYLE
          COLOR _sport_tennis_clr
          OUTLINECOLOR _sport_tennis_ol_clr
          OUTLINEWIDTH _sport_tennis_ol_width
      END
#if _display_sport_tennis_symbol == 1
      STYLE
          SYMBOL "tennis"
          SIZE 25
          GAP 80
      END
#endif
#if _display_sport_tennis_lbl==1
      LABEL
        TYPE TRUETYPE
        PARTIALS FALSE
        FONT _sport_tennis_font
        SIZE _sport_tennis_lbl_size
        COLOR _sport_tennis_lbl_clr
        OUTLINECOLOR _sport_tennis_lbl_ol_clr
        ENCODING "utf-8"
        OUTLINEWIDTH _sport_tennis_lbl_ol_width
        PRIORITY 1
        WRAP ' '
        MAXLENGTH 6
        ALIGN CENTER
        MINFEATURESIZE AUTO
      END
#endif
    END
#endif

#if _display_sport_multi==1
    CLASS
      NAME "sport_multi"
      EXPRESSION "multi"
      STYLE
          COLOR _sport_multi_clr
          OUTLINECOLOR _sport_multi_ol_clr
          OUTLINEWIDTH _sport_multi_ol_width
     END
## #if _display_sport_multi_symbol == 1
##       STYLE
##           SYMBOL "multi"
##           SIZE 25
##           GAP 60
##       END
## #endif
#if _display_sport_multi_lbl==1
      LABEL
        TYPE TRUETYPE
        PARTIALS FALSE
        FONT _sport_multi_font
        SIZE _sport_multi_lbl_size
        COLOR _sport_multi_lbl_clr
        OUTLINECOLOR _sport_multi_lbl_ol_clr
        ENCODING "utf-8"
        OUTLINEWIDTH _sport_multi_lbl_ol_width
        PRIORITY 1
        WRAP ' '
        MAXLENGTH 6
        ALIGN CENTER
        MINFEATURESIZE AUTO
      END
#endif
    END
#endif

#if _display_sport_baseball==1
    CLASS
      NAME "sport_baseball"
      EXPRESSION "baseball"
      STYLE
          COLOR _sport_baseball_clr
          OUTLINECOLOR _sport_baseball_ol_clr
          OUTLINEWIDTH _sport_baseball_ol_width
      END
#if _display_sport_baseball_symbol == 1
      STYLE
          SYMBOL "baseball"
          SIZE 25
          GAP 80
      END
#endif
#if _display_sport_baseball_lbl==1
      LABEL
        TYPE TRUETYPE
        PARTIALS FALSE
        FONT _sport_baseball_font
        SIZE _sport_baseball_lbl_size
        COLOR _sport_baseball_lbl_clr
        OUTLINECOLOR _sport_baseball_lbl_ol_clr
        ENCODING "utf-8"
        OUTLINEWIDTH _sport_baseball_lbl_ol_width
        PRIORITY 1
        WRAP ' '
        MAXLENGTH 6
        ALIGN CENTER
        MINFEATURESIZE AUTO
      END
#endif
    END
#endif

#if _display_sport_skateboard==1
    CLASS
      NAME "sport_skateboard"
      EXPRESSION "skateboard"
      STYLE
          COLOR _sport_skateboard_clr
          OUTLINECOLOR _sport_skateboard_ol_clr
          OUTLINEWIDTH _sport_skateboard_ol_width
      END
#if _display_sport_skateboard_symbol == 1
      STYLE
          SYMBOL "skateboard"
          SIZE 25
          GAP 80
      END
#endif
#if _display_sport_skateboard_lbl==1
      LABEL
        TYPE TRUETYPE
        PARTIALS FALSE
        FONT _sport_skateboard_font
        SIZE _sport_skateboard_lbl_size
        COLOR _sport_skateboard_lbl_clr
        OUTLINECOLOR _sport_skateboard_lbl_ol_clr
        ENCODING "utf-8"
        OUTLINEWIDTH _sport_skateboard_lbl_ol_width
        PRIORITY 1
        WRAP ' '
        MAXLENGTH 6
        ALIGN CENTER
        MINFEATURESIZE AUTO
      END
#endif
    END
#endif

#if _display_sport_rugby==1
    CLASS
      NAME "sport_rugby"
      EXPRESSION "rugby_union"
      STYLE
          COLOR _sport_rugby_clr
          OUTLINECOLOR _sport_rugby_ol_clr
          OUTLINEWIDTH _sport_rugby_ol_width
      END
#if _display_sport_rugby_symbol == 1
      STYLE
          SYMBOL "rugby"
          SIZE 25
          GAP 80
      END
#endif
#if _display_sport_rugby_lbl==1
      LABEL
        TYPE TRUETYPE
        PARTIALS FALSE
        FONT _sport_rugby_font
        SIZE _sport_rugby_lbl_size
        COLOR _sport_rugby_lbl_clr
        OUTLINECOLOR _sport_rugby_lbl_ol_clr
        ENCODING "utf-8"
        OUTLINEWIDTH _sport_rugby_lbl_ol_width
        PRIORITY 1
        WRAP ' '
        MAXLENGTH 6
        ALIGN CENTER
        MINFEATURESIZE AUTO
      END
#endif
    END
#endif

#if _display_sport_basketball==1
    CLASS
      NAME "sport_basketball"
      EXPRESSION "basketball"
      STYLE
          COLOR _sport_basketball_clr
          OUTLINECOLOR _sport_basketball_ol_clr
          OUTLINEWIDTH _sport_basketball_ol_width
      END
#if _display_sport_basketball_symbol == 1
      STYLE
          SYMBOL "basketball"
          SIZE 25
          GAP 80
      END
#endif
#if _display_sport_basketball_lbl==1
      LABEL
        TYPE TRUETYPE
        PARTIALS FALSE
        FONT _sport_basketball_font
        SIZE _sport_basketball_lbl_size
        COLOR _sport_basketball_lbl_clr
        OUTLINECOLOR _sport_basketball_lbl_ol_clr
        ENCODING "utf-8"
        OUTLINEWIDTH _sport_basketball_lbl_ol_width
        PRIORITY 1
        WRAP ' '
        MAXLENGTH 6
        ALIGN CENTER
        MINFEATURESIZE AUTO
      END
#endif
    END
#endif


END ##END LAYER


#if _display_transport_areas == 1
LAYER
   TYPE POLYGON
   STATUS ON
   PROJECTION
       "init=epsg:OSM_SRID"
   END
   NAME layername(transport_areas,_layer_suffix)
   GROUP "default"
   CONNECTIONTYPE POSTGIS
   CONNECTION "OSM_DB_CONNECTION"
#if OSM_FORCE_POSTGIS_EXTENT == 1
    EXTENT OSM_EXTENT
#endif
   DATA "geometry from OSM_SCHEMA.OSM_PREFIX_transport_areas using unique osm_id using srid=OSM_SRID"
   PROCESSING "CLOSE_CONNECTION=DEFER"
   MAXSCALEDENOM _maxscale
   MINSCALEDENOM _minscale
   LABELITEM "name"
   CLASS
      STYLE
         COLOR _transport_clr
      END
#if _display_transports_lbl==1
      LABEL
        TYPE TRUETYPE
        PARTIALS FALSE
        FONT _transport_font
        SIZE _transport_lbl_size
        COLOR _stransport_lbl_clr
        OUTLINECOLOR _transport_lbl_ol_clr
        OUTLINEWIDTH _transport_lbl_ol_width
        PRIORITY 1
        WRAP ' '
        MAXLENGTH 6
        ALIGN CENTER
        MINFEATURESIZE AUTO
      END
#endif
   END
END

#endif

LAYER
    TYPE POLYGON
    STATUS ON
    PROJECTION
        "init=epsg:OSM_SRID"
    END
    NAME layername(waterarea,_layer_suffix)
    GROUP "default"
    CONNECTIONTYPE POSTGIS
    CONNECTION "OSM_DB_CONNECTION"
#if OSM_FORCE_POSTGIS_EXTENT == 1
    EXTENT OSM_EXTENT
#endif
    DATA _waterarea_data
    MAXSCALEDENOM _maxscale
    MINSCALEDENOM _minscale
    PROCESSING "CLOSE_CONNECTION=DEFER"
    LABELITEM "name"
    CLASSITEM "type"
    CLASS
      EXPRESSION "riverbank"
#if _display_waterarea_outline
        STYLE
           OUTLINECOLOR _waterarea_ol_clr
           OUTLINEWIDTH _waterarea_ol_width
        END
#endif
        STYLE
            COLOR _waterarea_clr
        END
    END
    CLASS
#if _display_waterarea_outline
        STYLE
           OUTLINECOLOR _waterarea_ol_clr
           OUTLINEWIDTH _waterarea_ol_width
        END
#endif
        STYLE
            COLOR _waterarea_clr
        END
#if _display_waterarea_lbl == 1
        LABEL
          TYPE TRUETYPE
          PARTIALS FALSE
          FONT _waterarea_font
          MINDISTANCE 200
          SIZE _waterarea_lbl_size
          COLOR _waterarea_lbl_clr
       ENCODING "utf-8"
          OUTLINECOLOR _waterarea_lbl_ol_clr
          OUTLINEWIDTH _waterarea_lbl_ol_width
          WRAP ' '
          MAXLENGTH 5
          ALIGN CENTER
          MINFEATURESIZE AUTO
        END
#endif
    END
END

#if _display_waterways == 1
LAYER
    TYPE LINE
    NAME layername(waterways,_layer_suffix)
    STATUS ON
    GROUP "default"
    CONNECTIONTYPE POSTGIS
    CONNECTION "OSM_DB_CONNECTION"
#if OSM_FORCE_POSTGIS_EXTENT == 1
    EXTENT OSM_EXTENT
#endif
    DATA _waterways_data
    CLASSITEM "type"
    MAXSCALEDENOM _maxscale
    MINSCALEDENOM _minscale
    LABELITEM "name"
    PROJECTION
        "init=epsg:OSM_SRID"
    END
    PROCESSING "CLOSE_CONNECTION=DEFER"
    CLASS
        EXPRESSION "river"
        STYLE
            COLOR _river_clr
            WIDTH _river_width
        END
#if _display_river_lbl == 1
        LABEL
          TYPE TRUETYPE
          PARTIALS FALSE
          FONT _river_font
          MINDISTANCE 200
          SIZE _river_lbl_size
          COLOR _river_lbl_clr
          OUTLINECOLOR _river_lbl_ol_clr
          OUTLINEWIDTH _river_lbl_ol_width
          REPEATDISTANCE 400
          ENCODING "utf-8"
          MINFEATURESIZE AUTO
          ANGLE FOLLOW
          BUFFER 3
        END
#endif
    END
    CLASS
        EXPRESSION "stream"
        STYLE
            COLOR _stream_clr
            WIDTH _stream_width
        END
#if _display_stream_lbl == 1
        LABEL
          TYPE TRUETYPE
          PARTIALS FALSE
          FONT _stream_font
          MINDISTANCE 200
            REPEATDISTANCE 400
          SIZE _stream_lbl_size
          COLOR _stream_lbl_clr
          OUTLINECOLOR _stream_lbl_ol_clr
          OUTLINEWIDTH _stream_lbl_ol_width
          MINFEATURESIZE AUTO
       ENCODING "utf-8"
          ANGLE FOLLOW
          BUFFER 3
        END
#endif
    END
    CLASS
        EXPRESSION "canal"
        STYLE
            COLOR _canal_clr
            WIDTH _canal_width
        END
#if _display_canal_lbl == 1
        LABEL
          TYPE TRUETYPE
          FONT _canal_font
          MINDISTANCE 200
            REPEATDISTANCE 400
          SIZE _canal_lbl_size
          COLOR _canal_lbl_clr
       ENCODING "utf-8"
          OUTLINECOLOR _canal_lbl_ol_clr
          OUTLINEWIDTH _canal_lbl_ol_width
          MINFEATURESIZE AUTO
          ANGLE FOLLOW
          BUFFER 3
          PARTIALS FALSE
        END
#endif
    END
END
#endif
#endif
